2025-10-01 09:17:59,647 [INFO] Activator:177 - 


2025-10-01 09:17:59,648 [INFO] Activator:178 - !SESSION log4j initialized
2025-10-01 10:03:24,706 [INFO] Activator:177 - 


2025-10-01 10:03:24,707 [INFO] Activator:178 - !SESSION log4j initialized
2025-10-01 10:03:35,492 [INFO] McuFinderGlobals:39 - Set McuFinder mode to 2 (CubeIDE integrated)
2025-10-01 10:03:36,677 [INFO] ApplicationProperties:181 - Using Application install path: D:\251\vxl\cube\STM32CubeIDE_1.7.0\STM32CubeIDE\plugins\com.st.stm32cube.common.mx_6.3.0.202107141111
2025-10-01 10:03:36,746 [INFO] DbMcusXml:74 - Set database path to: D:\251\vxl\cube\STM32CubeIDE_1.7.0\STM32CubeIDE\plugins\com.st.stm32cube.common.mx_6.3.0.202107141111\\db\/mcu/
2025-10-01 10:03:36,752 [INFO] DbBoardsPdsc:56 - Set plugin database path to: D:\251\vxl\cube\STM32CubeIDE_1.7.0\STM32CubeIDE\plugins\com.st.stm32cube.common.mx_6.3.0.202107141111\\db\/plugins/boardmanager/
2025-10-01 10:03:36,754 [INFO] DbMcus:258 - Set plugin images path to: D:\251\vxl\cube\STM32CubeIDE_1.7.0\STM32CubeIDE\plugins\com.st.stm32cube.common.mx_6.3.0.202107141111\\db\/plugins/mcufinder/images/
2025-10-01 10:03:36,754 [INFO] DbBoards:264 - Set plugin images path to: D:\251\vxl\cube\STM32CubeIDE_1.7.0\STM32CubeIDE\plugins\com.st.stm32cube.common.mx_6.3.0.202107141111\\db\/plugins/mcufinder/images/
2025-10-01 10:03:36,758 [INFO] DbExamples:333 - Set plugin images path to: D:\251\vxl\cube\STM32CubeIDE_1.7.0\STM32CubeIDE\plugins\com.st.stm32cube.common.mx_6.3.0.202107141111\\db\/plugins/mcufinder/images/
2025-10-01 10:03:36,801 [INFO] DbMcusAds:119 - Set database path to: C:\Users\DELL\.stmcufinder\plugins\mcufinder//mcu/
2025-10-01 10:03:36,802 [INFO] DbMcusDocs:110 - Set database path to: C:\Users\DELL\.stmcufinder\plugins\mcufinder//mcu/
2025-10-01 10:03:36,806 [INFO] DbMcusJson:64 - Set database path to: C:\Users\DELL\.stmcufinder\plugins\mcufinder//mcu/
2025-10-01 10:03:36,807 [INFO] DbBoardsDocs:110 - Set database path to: C:\Users\DELL\.stmcufinder\plugins\mcufinder//mcu/
2025-10-01 10:03:36,808 [INFO] DbBoardsJson:57 - Set database path to: C:\Users\DELL\.stmcufinder\plugins\mcufinder//mcu/
2025-10-01 10:03:36,814 [INFO] CrossReferenceDbSqlite:196 - Set database path to: C:\Users\DELL\.stmcufinder\plugins\mcufinder//mcu/cs/
2025-10-01 10:03:36,818 [INFO] DbExamplesSqlite:767 - Set database path to: C:\Users\DELL\.stmcufinder\plugins\mcufinder//mcu/
2025-10-01 10:03:37,003 [INFO] RulesReader:57 - Compatibility file has been processed (242 Rules)
2025-10-01 10:03:37,245 [INFO] DbMcusXml:74 - Set database path to: D:\251\vxl\cube\STM32CubeIDE_1.7.0\STM32CubeIDE\plugins\com.st.stm32cube.common.mx_6.3.0.202107141111\\db\/mcu/
2025-10-01 10:03:37,245 [INFO] DbBoardsPdsc:56 - Set plugin database path to: D:\251\vxl\cube\STM32CubeIDE_1.7.0\STM32CubeIDE\plugins\com.st.stm32cube.common.mx_6.3.0.202107141111\\db\/plugins/boardmanager/
2025-10-01 10:03:37,245 [INFO] DbMcus:258 - Set plugin images path to: D:\251\vxl\cube\STM32CubeIDE_1.7.0\STM32CubeIDE\plugins\com.st.stm32cube.common.mx_6.3.0.202107141111\\db\/plugins/mcufinder/images/
2025-10-01 10:03:37,245 [INFO] DbBoards:264 - Set plugin images path to: D:\251\vxl\cube\STM32CubeIDE_1.7.0\STM32CubeIDE\plugins\com.st.stm32cube.common.mx_6.3.0.202107141111\\db\/plugins/mcufinder/images/
2025-10-01 10:03:37,246 [INFO] DbExamples:333 - Set plugin images path to: D:\251\vxl\cube\STM32CubeIDE_1.7.0\STM32CubeIDE\plugins\com.st.stm32cube.common.mx_6.3.0.202107141111\\db\/plugins/mcufinder/images/
2025-10-01 10:03:37,246 [WARN] DbFile:35 - Overriding database path with different value: C:\Users\DELL\.stmcufinder\plugins\mcufinder/ => C:\Users\DELL\.stmcufinder\plugins\mcufinder
2025-10-01 10:03:37,246 [INFO] DbMcusAds:119 - Set database path to: C:\Users\DELL\.stmcufinder\plugins\mcufinder//mcu/
2025-10-01 10:03:37,246 [WARN] DbFile:35 - Overriding database path with different value: C:\Users\DELL\.stmcufinder\plugins\mcufinder/ => C:\Users\DELL\.stmcufinder\plugins\mcufinder
2025-10-01 10:03:37,246 [INFO] DbMcusDocs:110 - Set database path to: C:\Users\DELL\.stmcufinder\plugins\mcufinder//mcu/
2025-10-01 10:03:37,246 [WARN] DbFile:35 - Overriding database path with different value: C:\Users\DELL\.stmcufinder\plugins\mcufinder/ => C:\Users\DELL\.stmcufinder\plugins\mcufinder
2025-10-01 10:03:37,246 [INFO] DbMcusJson:64 - Set database path to: C:\Users\DELL\.stmcufinder\plugins\mcufinder//mcu/
2025-10-01 10:03:37,246 [WARN] DbFile:35 - Overriding database path with different value: C:\Users\DELL\.stmcufinder\plugins\mcufinder/ => C:\Users\DELL\.stmcufinder\plugins\mcufinder
2025-10-01 10:03:37,246 [INFO] DbBoardsDocs:110 - Set database path to: C:\Users\DELL\.stmcufinder\plugins\mcufinder//mcu/
2025-10-01 10:03:37,246 [WARN] DbFile:35 - Overriding database path with different value: C:\Users\DELL\.stmcufinder\plugins\mcufinder/ => C:\Users\DELL\.stmcufinder\plugins\mcufinder
2025-10-01 10:03:37,246 [INFO] DbBoardsJson:57 - Set database path to: C:\Users\DELL\.stmcufinder\plugins\mcufinder//mcu/
2025-10-01 10:03:37,247 [WARN] DbFile:35 - Overriding database path with different value: C:\Users\DELL\.stmcufinder\plugins\mcufinder/ => C:\Users\DELL\.stmcufinder\plugins\mcufinder
2025-10-01 10:03:37,247 [WARN] DbFile:35 - Overriding database path with different value: C:\Users\DELL\.stmcufinder\plugins\mcufinder/ => C:\Users\DELL\.stmcufinder\plugins\mcufinder
2025-10-01 10:03:37,247 [INFO] CrossReferenceDbSqlite:196 - Set database path to: C:\Users\DELL\.stmcufinder\plugins\mcufinder//mcu/cs/
2025-10-01 10:03:37,247 [WARN] DbFile:35 - Overriding database path with different value: C:\Users\DELL\.stmcufinder\plugins\mcufinder/ => C:\Users\DELL\.stmcufinder\plugins\mcufinder
2025-10-01 10:03:37,247 [INFO] DbExamplesSqlite:767 - Set database path to: C:\Users\DELL\.stmcufinder\plugins\mcufinder//mcu/
2025-10-01 10:03:37,390 [INFO] MainPanel:214 - HeapMemory: 268435456
2025-10-01 10:03:37,668 [INFO] DbMcusXml:74 - Set database path to: D:\251\vxl\cube\STM32CubeIDE_1.7.0\STM32CubeIDE\plugins\com.st.stm32cube.common.mx_6.3.0.202107141111\\db\/mcu/
2025-10-01 10:03:37,668 [INFO] DbBoardsPdsc:56 - Set plugin database path to: D:\251\vxl\cube\STM32CubeIDE_1.7.0\STM32CubeIDE\plugins\com.st.stm32cube.common.mx_6.3.0.202107141111\\db\/plugins/boardmanager/
2025-10-01 10:03:37,668 [INFO] DbMcus:258 - Set plugin images path to: D:\251\vxl\cube\STM32CubeIDE_1.7.0\STM32CubeIDE\plugins\com.st.stm32cube.common.mx_6.3.0.202107141111\\db\/plugins/mcufinder/images/
2025-10-01 10:03:37,668 [INFO] DbBoards:264 - Set plugin images path to: D:\251\vxl\cube\STM32CubeIDE_1.7.0\STM32CubeIDE\plugins\com.st.stm32cube.common.mx_6.3.0.202107141111\\db\/plugins/mcufinder/images/
2025-10-01 10:03:37,668 [INFO] DbExamples:333 - Set plugin images path to: D:\251\vxl\cube\STM32CubeIDE_1.7.0\STM32CubeIDE\plugins\com.st.stm32cube.common.mx_6.3.0.202107141111\\db\/plugins/mcufinder/images/
2025-10-01 10:03:37,669 [WARN] DbFile:35 - Overriding database path with different value: C:\Users\DELL\.stmcufinder\plugins\mcufinder/ => C:\Users\DELL\.stmcufinder\plugins\mcufinder
2025-10-01 10:03:37,669 [INFO] DbMcusAds:119 - Set database path to: C:\Users\DELL\.stmcufinder\plugins\mcufinder//mcu/
2025-10-01 10:03:37,669 [WARN] DbFile:35 - Overriding database path with different value: C:\Users\DELL\.stmcufinder\plugins\mcufinder/ => C:\Users\DELL\.stmcufinder\plugins\mcufinder
2025-10-01 10:03:37,669 [INFO] DbMcusDocs:110 - Set database path to: C:\Users\DELL\.stmcufinder\plugins\mcufinder//mcu/
2025-10-01 10:03:37,669 [WARN] DbFile:35 - Overriding database path with different value: C:\Users\DELL\.stmcufinder\plugins\mcufinder/ => C:\Users\DELL\.stmcufinder\plugins\mcufinder
2025-10-01 10:03:37,669 [INFO] DbMcusJson:64 - Set database path to: C:\Users\DELL\.stmcufinder\plugins\mcufinder//mcu/
2025-10-01 10:03:37,669 [WARN] DbFile:35 - Overriding database path with different value: C:\Users\DELL\.stmcufinder\plugins\mcufinder/ => C:\Users\DELL\.stmcufinder\plugins\mcufinder
2025-10-01 10:03:37,669 [INFO] DbBoardsDocs:110 - Set database path to: C:\Users\DELL\.stmcufinder\plugins\mcufinder//mcu/
2025-10-01 10:03:37,670 [WARN] DbFile:35 - Overriding database path with different value: C:\Users\DELL\.stmcufinder\plugins\mcufinder/ => C:\Users\DELL\.stmcufinder\plugins\mcufinder
2025-10-01 10:03:37,670 [INFO] DbBoardsJson:57 - Set database path to: C:\Users\DELL\.stmcufinder\plugins\mcufinder//mcu/
2025-10-01 10:03:37,670 [WARN] DbFile:35 - Overriding database path with different value: C:\Users\DELL\.stmcufinder\plugins\mcufinder/ => C:\Users\DELL\.stmcufinder\plugins\mcufinder
2025-10-01 10:03:37,670 [WARN] DbFile:35 - Overriding database path with different value: C:\Users\DELL\.stmcufinder\plugins\mcufinder/ => C:\Users\DELL\.stmcufinder\plugins\mcufinder
2025-10-01 10:03:37,670 [INFO] CrossReferenceDbSqlite:196 - Set database path to: C:\Users\DELL\.stmcufinder\plugins\mcufinder//mcu/cs/
2025-10-01 10:03:37,670 [WARN] DbFile:35 - Overriding database path with different value: C:\Users\DELL\.stmcufinder\plugins\mcufinder/ => C:\Users\DELL\.stmcufinder\plugins\mcufinder
2025-10-01 10:03:37,670 [INFO] DbExamplesSqlite:767 - Set database path to: C:\Users\DELL\.stmcufinder\plugins\mcufinder//mcu/
2025-10-01 10:03:37,708 [INFO] ApplicationProperties:181 - Using Application install path: D:\251\vxl\cube\STM32CubeIDE_1.7.0\STM32CubeIDE\plugins\com.st.stm32cube.common.mx_6.3.0.202107141111
2025-10-01 10:03:37,709 [INFO] PluginManage:188 - Search for loadable plugins [exclusion list=, ]
2025-10-01 10:03:37,712 [INFO] PluginManage:302 - Check plugin analytics
2025-10-01 10:03:37,915 [INFO] AnalyticsPlugin:257 - Accepted Software Licenses: 
2025-10-01 10:03:37,916 [INFO] AnalyticsPlugin:259 - Accepted CMSIS Pack Licenses: 
2025-10-01 10:03:37,916 [INFO] AnalyticsPlugin:261 - Accepted Firmware Licenses: 
2025-10-01 10:03:37,916 [INFO] PluginManage:352 - Loaded plugin analytics (category:tool,tabindex:-1)
2025-10-01 10:03:37,916 [INFO] PluginManage:302 - Check plugin clock
2025-10-01 10:03:37,951 [INFO] PluginManage:352 - Loaded plugin clock (category:base,tabindex:2)
2025-10-01 10:03:37,951 [INFO] PluginManage:302 - Check plugin ddr
2025-10-01 10:03:37,970 [INFO] PluginManage:352 - Loaded plugin ddr (category:tool,tabindex:6)
2025-10-01 10:03:37,970 [INFO] PluginManage:302 - Check plugin filemanager
2025-10-01 10:03:38,190 [INFO] PluginManage:352 - Loaded plugin filemanager (category:base,tabindex:10)
2025-10-01 10:03:38,191 [INFO] PluginManage:302 - Check plugin ipmanager
2025-10-01 10:03:38,235 [INFO] PluginManage:352 - Loaded plugin ipmanager (category:base,tabindex:5)
2025-10-01 10:03:38,235 [INFO] PluginManage:302 - Check plugin pinoutandconfiguration
2025-10-01 10:03:38,258 [INFO] PluginManage:352 - Loaded plugin pinoutandconfiguration (category:base,tabindex:1)
2025-10-01 10:03:38,258 [INFO] PluginManage:302 - Check plugin pinoutconfig
2025-10-01 10:03:38,316 [INFO] PluginManage:352 - Loaded plugin pinoutconfig (category:base,tabindex:0)
2025-10-01 10:03:38,317 [INFO] PluginManage:302 - Check plugin power
2025-10-01 10:03:38,406 [INFO] PluginManage:352 - Loaded plugin power (category:power,tabindex:4)
2025-10-01 10:03:38,406 [INFO] PluginManage:302 - Check plugin projectmanager
2025-10-01 10:03:38,423 [INFO] PluginManage:352 - Loaded plugin projectmanager (category:projectmanager,tabindex:3)
2025-10-01 10:03:38,423 [INFO] PluginManage:302 - Check plugin thirdparty
2025-10-01 10:03:38,902 [WARN] IntegrityCheckThread:78 - waiting for thirdparty lock release [integrity check]
2025-10-01 10:03:38,903 [INFO] IntegrityCheckThread:80 - entering critical section [integrity check]
2025-10-01 10:03:38,903 [INFO] PluginManage:352 - Loaded plugin thirdparty (category:base,tabindex:-1)
2025-10-01 10:03:38,903 [INFO] PluginManage:302 - Check plugin tools
2025-10-01 10:03:38,903 [INFO] ThirdPartyUpdaterWithRetryManager:66 - Updater plugin not ready yet. [1/15]
2025-10-01 10:03:38,979 [INFO] PluginManage:352 - Loaded plugin tools (category:base,tabindex:7)
2025-10-01 10:03:38,979 [INFO] PluginManage:302 - Check plugin tutovideos
2025-10-01 10:03:39,340 [INFO] PluginManage:352 - Loaded plugin tutovideos (category:base,tabindex:-1)
2025-10-01 10:03:39,340 [INFO] PluginManage:302 - Check plugin updater
2025-10-01 10:03:39,396 [INFO] PluginManage:352 - Loaded plugin updater (category:base,tabindex:12)
2025-10-01 10:03:39,396 [INFO] PluginManage:275 - PluginManage : Loaded plugins [13]
2025-10-01 10:03:39,630 [INFO] PinOutPanel:1463 - setPackage(No Configuration,No Configuration)
2025-10-01 10:03:39,749 [INFO] IPUIPlugin:74 - create IPUIPlugin
2025-10-01 10:03:39,750 [INFO] PluginManager:213 - loadIPPluginJar : add adc
2025-10-01 10:03:39,830 [INFO] IPUIPlugin:74 - create IPUIPlugin
2025-10-01 10:03:39,830 [INFO] PluginManager:213 - loadIPPluginJar : add aes
2025-10-01 10:03:39,888 [INFO] IPUIPlugin:74 - create IPUIPlugin
2025-10-01 10:03:39,888 [INFO] PluginManager:213 - loadIPPluginJar : add can
2025-10-01 10:03:39,930 [INFO] IPUIPlugin:74 - create IPUIPlugin
2025-10-01 10:03:39,931 [INFO] PluginManager:213 - loadIPPluginJar : add comp
2025-10-01 10:03:39,978 [INFO] IPUIPlugin:74 - create IPUIPlugin
2025-10-01 10:03:39,978 [INFO] PluginManager:213 - loadIPPluginJar : add cryp
2025-10-01 10:03:40,028 [INFO] IPUIPlugin:74 - create IPUIPlugin
2025-10-01 10:03:40,028 [INFO] PluginManager:213 - loadIPPluginJar : add dfsdm
2025-10-01 10:03:40,044 [INFO] IPUIPlugin:74 - create IPUIPlugin
2025-10-01 10:03:40,045 [INFO] PluginManager:213 - loadIPPluginJar : add dma
2025-10-01 10:03:40,117 [INFO] IPUIPlugin:74 - create IPUIPlugin
2025-10-01 10:03:40,117 [INFO] PluginManager:213 - loadIPPluginJar : add dma3
2025-10-01 10:03:40,157 [INFO] IPUIPlugin:74 - create IPUIPlugin
2025-10-01 10:03:40,157 [INFO] PluginManager:213 - loadIPPluginJar : add fatfs
2025-10-01 10:03:40,230 [INFO] IPUIPlugin:74 - create IPUIPlugin
2025-10-01 10:03:40,230 [INFO] PluginManager:213 - loadIPPluginJar : add fmc
2025-10-01 10:03:40,282 [INFO] IPUIPlugin:74 - create IPUIPlugin
2025-10-01 10:03:40,282 [INFO] PluginManager:213 - loadIPPluginJar : add freertos
2025-10-01 10:03:40,321 [INFO] IPUIPlugin:74 - create IPUIPlugin
2025-10-01 10:03:40,322 [INFO] PluginManager:213 - loadIPPluginJar : add genericplugin
2025-10-01 10:03:40,455 [INFO] IPUIPlugin:74 - create IPUIPlugin
2025-10-01 10:03:40,455 [INFO] PluginManager:213 - loadIPPluginJar : add gfxmmu
2025-10-01 10:03:40,671 [INFO] IPUIPlugin:74 - create IPUIPlugin
2025-10-01 10:03:40,671 [INFO] PluginManager:213 - loadIPPluginJar : add gic
2025-10-01 10:03:40,686 [INFO] IPUIPlugin:74 - create IPUIPlugin
2025-10-01 10:03:40,686 [INFO] PluginManager:213 - loadIPPluginJar : add gpio
2025-10-01 10:03:40,784 [INFO] IPUIPlugin:74 - create IPUIPlugin
2025-10-01 10:03:40,784 [INFO] PluginManager:213 - loadIPPluginJar : add gtzc
2025-10-01 10:03:40,831 [INFO] IPUIPlugin:74 - create IPUIPlugin
2025-10-01 10:03:40,831 [INFO] PluginManager:213 - loadIPPluginJar : add hash
2025-10-01 10:03:40,905 [INFO] IPUIPlugin:74 - create IPUIPlugin
2025-10-01 10:03:40,906 [INFO] PluginManager:213 - loadIPPluginJar : add i2c
2025-10-01 10:03:40,966 [INFO] IPUIPlugin:74 - create IPUIPlugin
2025-10-01 10:03:40,967 [INFO] PluginManager:213 - loadIPPluginJar : add i2s
2025-10-01 10:03:40,981 [INFO] IPUIPlugin:74 - create IPUIPlugin
2025-10-01 10:03:40,981 [INFO] PluginManager:213 - loadIPPluginJar : add ipddr
2025-10-01 10:03:41,112 [INFO] IPUIPlugin:74 - create IPUIPlugin
2025-10-01 10:03:41,112 [INFO] PluginManager:213 - loadIPPluginJar : add linkedlist
2025-10-01 10:03:41,167 [INFO] IPUIPlugin:74 - create IPUIPlugin
2025-10-01 10:03:41,168 [INFO] PluginManager:213 - loadIPPluginJar : add lorawan
2025-10-01 10:03:41,225 [INFO] IPUIPlugin:74 - create IPUIPlugin
2025-10-01 10:03:41,225 [INFO] PluginManager:213 - loadIPPluginJar : add ltdc
2025-10-01 10:03:41,256 [INFO] IPUIPlugin:74 - create IPUIPlugin
2025-10-01 10:03:41,256 [INFO] PluginManager:213 - loadIPPluginJar : add mdma
2025-10-01 10:03:41,271 [INFO] IPUIPlugin:74 - create IPUIPlugin
2025-10-01 10:03:41,271 [INFO] PluginManager:213 - loadIPPluginJar : add nvic
2025-10-01 10:03:41,329 [INFO] IPUIPlugin:74 - create IPUIPlugin
2025-10-01 10:03:41,329 [INFO] PluginManager:213 - loadIPPluginJar : add opamp
2025-10-01 10:03:41,416 [INFO] IPUIPlugin:74 - create IPUIPlugin
2025-10-01 10:03:41,416 [INFO] PluginManager:213 - loadIPPluginJar : add openamp
2025-10-01 10:03:41,479 [INFO] IPUIPlugin:74 - create IPUIPlugin
2025-10-01 10:03:41,480 [INFO] PluginManager:213 - loadIPPluginJar : add pdm2pcm
2025-10-01 10:03:41,496 [INFO] IPUIPlugin:74 - create IPUIPlugin
2025-10-01 10:03:41,498 [INFO] PluginManager:213 - loadIPPluginJar : add plateformsettings
2025-10-01 10:03:41,540 [INFO] IPUIPlugin:74 - create IPUIPlugin
2025-10-01 10:03:41,540 [INFO] PluginManager:213 - loadIPPluginJar : add quadspi
2025-10-01 10:03:41,576 [INFO] IPUIPlugin:74 - create IPUIPlugin
2025-10-01 10:03:41,577 [INFO] PluginManager:213 - loadIPPluginJar : add resmgrutility
2025-10-01 10:03:41,648 [INFO] IPUIPlugin:74 - create IPUIPlugin
2025-10-01 10:03:41,648 [INFO] PluginManager:213 - loadIPPluginJar : add sai
2025-10-01 10:03:41,704 [INFO] IPUIPlugin:74 - create IPUIPlugin
2025-10-01 10:03:41,704 [INFO] PluginManager:213 - loadIPPluginJar : add spi
2025-10-01 10:03:41,780 [INFO] IPUIPlugin:74 - create IPUIPlugin
2025-10-01 10:03:41,780 [INFO] PluginManager:213 - loadIPPluginJar : add stm32_wpan
2025-10-01 10:03:41,825 [INFO] IPUIPlugin:74 - create IPUIPlugin
2025-10-01 10:03:41,825 [INFO] PluginManager:213 - loadIPPluginJar : add tim
2025-10-01 10:03:41,907 [INFO] ThirdPartyUpdaterWithRetryManager:66 - Updater plugin not ready yet. [2/15]
2025-10-01 10:03:41,909 [INFO] IPUIPlugin:74 - create IPUIPlugin
2025-10-01 10:03:41,909 [INFO] PluginManager:213 - loadIPPluginJar : add touchsensing
2025-10-01 10:03:41,950 [INFO] IPUIPlugin:74 - create IPUIPlugin
2025-10-01 10:03:41,951 [INFO] PluginManager:213 - loadIPPluginJar : add tracer_emb
2025-10-01 10:03:41,997 [INFO] IPUIPlugin:74 - create IPUIPlugin
2025-10-01 10:03:41,997 [INFO] PluginManager:213 - loadIPPluginJar : add ts
2025-10-01 10:03:42,042 [INFO] IPUIPlugin:74 - create IPUIPlugin
2025-10-01 10:03:42,042 [INFO] PluginManager:213 - loadIPPluginJar : add tsc
2025-10-01 10:03:42,085 [INFO] IPUIPlugin:74 - create IPUIPlugin
2025-10-01 10:03:42,085 [INFO] PluginManager:213 - loadIPPluginJar : add ucpd
2025-10-01 10:03:42,154 [INFO] IPUIPlugin:74 - create IPUIPlugin
2025-10-01 10:03:42,154 [INFO] PluginManager:213 - loadIPPluginJar : add usart
2025-10-01 10:03:42,214 [INFO] IPUIPlugin:74 - create IPUIPlugin
2025-10-01 10:03:42,214 [INFO] PluginManager:213 - loadIPPluginJar : add usbx
2025-10-01 10:03:42,615 [FATAL] Updater:294 - Updater called before beeing initialized
2025-10-01 10:03:42,724 [FATAL] Updater:294 - Updater called before beeing initialized
2025-10-01 10:03:42,734 [INFO] DbMcusAds:47 - JSON generation date=Tue Jul 08 15:14:23 ICT 2025 (1751962463524)
2025-10-01 10:03:42,734 [FATAL] Updater:294 - Updater called before beeing initialized
2025-10-01 10:03:42,913 [WARN] DetailPanel:314 - Failed to get advertising image, set to default
2025-10-01 10:03:43,011 [FATAL] Updater:294 - Updater called before beeing initialized
2025-10-01 10:03:43,015 [FATAL] Updater:294 - Updater called before beeing initialized
2025-10-01 10:03:43,015 [FATAL] Updater:294 - Updater called before beeing initialized
2025-10-01 10:03:43,015 [WARN] DetailPanel:314 - Failed to get advertising image, set to default
2025-10-01 10:03:43,016 [FATAL] Updater:294 - Updater called before beeing initialized
2025-10-01 10:03:43,090 [ERROR] Updater:1075 - MainUpdater not yet initialized. External WinMGr cannot be set.
2025-10-01 10:03:43,120 [INFO] Updater:1012 - Updater Version found : 6.3.0
2025-10-01 10:03:43,161 [INFO] ApplicationProperties:181 - Using Application install path: D:\251\vxl\cube\STM32CubeIDE_1.7.0\STM32CubeIDE\plugins\com.st.stm32cube.common.mx_6.3.0.202107141111
2025-10-01 10:03:43,639 [INFO] MainUpdater:2671 - connection check result : 10
2025-10-01 10:03:43,640 [INFO] MainUpdater:3359 - Updater definition file requires update
2025-10-01 10:03:43,644 [INFO] MainUpdater:265 - Updater Check For Update Now.
2025-10-01 10:03:43,644 [INFO] MicroXplorer:478 - Change Database Version : DB.6.0.30
2025-10-01 10:03:43,843 [INFO] ServerAccessManage:362 - Download File updaters.zip
2025-10-01 10:03:44,045 [INFO] FileExtend:235 - Unzip File : updaters.zip
2025-10-01 10:03:44,045 [INFO] FileExtend:250 - Standard Zip Deflate
2025-10-01 10:03:44,922 [WARN] MainUpdater:1122 - Updater busy. Cannot search thirdparties
2025-10-01 10:03:44,922 [INFO] ThirdPartyUpdaterWithRetryManager:92 - Updater plugin is busy. [1/15]
2025-10-01 10:03:45,376 [INFO] ServerAccessManage:362 - Download File PacksControlFlags.xml
2025-10-01 10:03:45,636 [INFO] ServerAccessManage:362 - Download File cubemx.pidx
2025-10-01 10:03:46,766 [INFO] ServerAccessManage:362 - Download File STMicroelectronics.X-CUBE-FREERTOS.pdsc
2025-10-01 10:03:47,924 [WARN] MainUpdater:1122 - Updater busy. Cannot search thirdparties
2025-10-01 10:03:47,924 [INFO] ThirdPartyUpdaterWithRetryManager:92 - Updater plugin is busy. [2/15]
2025-10-01 10:03:48,989 [INFO] ServerAccessManage:362 - Download File STMicroelectronics.X-CUBE-TOUCHGFX.pdsc
2025-10-01 10:03:50,926 [WARN] MainUpdater:1122 - Updater busy. Cannot search thirdparties
2025-10-01 10:03:50,926 [INFO] ThirdPartyUpdaterWithRetryManager:92 - Updater plugin is busy. [3/15]
2025-10-01 10:03:53,935 [WARN] MainUpdater:1122 - Updater busy. Cannot search thirdparties
2025-10-01 10:03:53,936 [INFO] ThirdPartyUpdaterWithRetryManager:92 - Updater plugin is busy. [4/15]
2025-10-01 10:03:54,653 [INFO] MainUpdater:2671 - connection check result : 10
2025-10-01 10:03:56,664 [INFO] ServerAccessManage:362 - Download File WES.I-CUBE-Cesium.pdsc
2025-10-01 10:03:56,946 [WARN] MainUpdater:1122 - Updater busy. Cannot search thirdparties
2025-10-01 10:03:56,947 [INFO] ThirdPartyUpdaterWithRetryManager:92 - Updater plugin is busy. [5/15]
2025-10-01 10:03:59,957 [WARN] MainUpdater:1122 - Updater busy. Cannot search thirdparties
2025-10-01 10:03:59,957 [INFO] ThirdPartyUpdaterWithRetryManager:92 - Updater plugin is busy. [6/15]
2025-10-01 10:04:00,471 [ERROR] ServerAccessManage:974 - Problem, file not found on Server
2025-10-01 10:04:01,419 [ERROR] ServerAccessManage:974 - Problem, file not found on Server
2025-10-01 10:04:01,585 [WARN] PopulateThirdPartyThread:100 - Error when creating pack: C:/Users/DELL/.stm32cubemx/thirdparties/pdsc/STMicroelectronics.X-CUBE-FREERTOS.pdsc
2025-10-01 10:04:01,630 [WARN] PackLoader:238 - Cannot read IP mode file for STMicroelectronics.X-CUBE-TOUCHGFX.4.26.0
2025-10-01 10:04:01,635 [WARN] PopulateThirdPartyThread:100 - Error when creating pack: C:/Users/DELL/.stm32cubemx/thirdparties/pdsc/WES.I-CUBE-Cesium.pdsc
2025-10-01 10:04:01,635 [INFO] PopulateThirdPartyThread:60 - Ending populate Thread
2025-10-01 10:04:01,636 [INFO] ThirdParty:967 - CMSIS Pack Vendor :STMicroelectronics X-CUBE-TOUCHGFX 4.26.0
2025-10-01 10:04:01,637 [INFO] LoadServerUpdatesThread:339 - End of LoadServerUpdate Thread
2025-10-01 10:04:01,695 [INFO] CheckServerUpdateThread:112 - End of CheckServer Thread
2025-10-01 10:04:01,800 [INFO] McuFinderGlobals:52 - Set McuFinderConnectedMode to true
2025-10-01 10:04:02,075 [INFO] ServerAccessManage:362 - Download File mcusAds.json._tmp_
2025-10-01 10:04:02,198 [INFO] LoadUrlFilesThread:145 - End of LoadUrlFiles Thread
2025-10-01 10:04:02,971 [WARN] MainUpdater:1122 - Updater busy. Cannot search thirdparties
2025-10-01 10:04:02,971 [INFO] ThirdPartyUpdaterWithRetryManager:92 - Updater plugin is busy. [7/15]
2025-10-01 10:04:03,166 [INFO] ServerAccessManage:362 - Download File mcusDocs.json._tmp_
2025-10-01 10:04:03,526 [INFO] LoadUrlFilesThread:145 - End of LoadUrlFiles Thread
2025-10-01 10:04:04,319 [INFO] ServerAccessManage:362 - Download File mcusFeaturesAndDescription.json._tmp_
2025-10-01 10:04:05,985 [WARN] MainUpdater:1122 - Updater busy. Cannot search thirdparties
2025-10-01 10:04:05,985 [INFO] ThirdPartyUpdaterWithRetryManager:92 - Updater plugin is busy. [8/15]
2025-10-01 10:04:08,990 [WARN] MainUpdater:1122 - Updater busy. Cannot search thirdparties
2025-10-01 10:04:08,990 [INFO] ThirdPartyUpdaterWithRetryManager:92 - Updater plugin is busy. [9/15]
2025-10-01 10:04:09,734 [INFO] LoadUrlFilesThread:145 - End of LoadUrlFiles Thread
2025-10-01 10:04:10,633 [INFO] ServerAccessManage:362 - Download File boardsDocs.json._tmp_
2025-10-01 10:04:10,761 [INFO] LoadUrlFilesThread:145 - End of LoadUrlFiles Thread
2025-10-01 10:04:11,674 [INFO] ServerAccessManage:362 - Download File boards.json._tmp_
2025-10-01 10:04:12,043 [WARN] MainUpdater:1122 - Updater busy. Cannot search thirdparties
2025-10-01 10:04:12,043 [INFO] ThirdPartyUpdaterWithRetryManager:92 - Updater plugin is busy. [10/15]
2025-10-01 10:04:12,442 [INFO] LoadUrlFilesThread:145 - End of LoadUrlFiles Thread
2025-10-01 10:04:12,629 [INFO] ServerAccessManage:362 - Download File cube-finder-db.zip
2025-10-01 10:04:15,045 [WARN] MainUpdater:1122 - Updater busy. Cannot search thirdparties
2025-10-01 10:04:15,045 [INFO] ThirdPartyUpdaterWithRetryManager:92 - Updater plugin is busy. [11/15]
2025-10-01 10:04:18,055 [WARN] MainUpdater:1122 - Updater busy. Cannot search thirdparties
2025-10-01 10:04:18,055 [INFO] ThirdPartyUpdaterWithRetryManager:92 - Updater plugin is busy. [12/15]
2025-10-01 10:04:21,068 [WARN] MainUpdater:1122 - Updater busy. Cannot search thirdparties
2025-10-01 10:04:21,068 [INFO] ThirdPartyUpdaterWithRetryManager:92 - Updater plugin is busy. [13/15]
2025-10-01 10:04:24,082 [WARN] MainUpdater:1122 - Updater busy. Cannot search thirdparties
2025-10-01 10:04:24,082 [INFO] ThirdPartyUpdaterWithRetryManager:92 - Updater plugin is busy. [14/15]
2025-10-01 10:04:25,731 [INFO] FileExtend:235 - Unzip File : cube-finder-db.zip
2025-10-01 10:04:25,732 [INFO] FileExtend:250 - Standard Zip Deflate
2025-10-01 10:04:27,087 [WARN] MainUpdater:1122 - Updater busy. Cannot search thirdparties
2025-10-01 10:04:27,087 [INFO] ThirdPartyUpdaterWithRetryManager:92 - Updater plugin is busy. [15/15]
2025-10-01 10:04:27,087 [ERROR] IntegrityCheckThread:124 - Cannot retrieve database content from updater: error -1
2025-10-01 10:04:27,087 [INFO] ThirdParty:915 - Integrity check success = false
2025-10-01 10:04:27,087 [INFO] IntegrityCheckThread:94 - exiting critical section [integrity check]
2025-10-01 10:04:27,087 [INFO] IntegrityCheckThread:97 - End integrity checks thread
2025-10-01 10:04:27,381 [INFO] LoadUrlFilesThread:145 - End of LoadUrlFiles Thread
2025-10-01 10:04:28,558 [INFO] ServerAccessManage:362 - Download File crdb.zip
2025-10-01 10:04:30,296 [INFO] FileExtend:235 - Unzip File : crdb.zip
2025-10-01 10:04:30,297 [INFO] FileExtend:250 - Standard Zip Deflate
2025-10-01 10:04:30,444 [INFO] LoadUrlFilesThread:145 - End of LoadUrlFiles Thread
2025-10-01 10:04:30,611 [INFO] ServerAccessManage:362 - Download File tutoVideoDB.zip
2025-10-01 10:04:30,759 [INFO] FileExtend:235 - Unzip File : tutoVideoDB.zip
2025-10-01 10:04:30,760 [INFO] FileExtend:250 - Standard Zip Deflate
2025-10-01 10:04:30,891 [INFO] LoadUrlFilesThread:145 - End of LoadUrlFiles Thread
2025-10-01 10:04:30,892 [INFO] DbMcusAds:47 - JSON generation date=Tue Jul 08 15:14:23 ICT 2025 (1751962463524)
2025-10-01 10:04:30,908 [INFO] DbMcusDocs:143 - JSON generation date=Tue Nov 16 23:17:54 ICT 2021 (1637079474)
2025-10-01 10:04:30,908 [INFO] DbMcusXml:100 - Load MCU database from D:\251\vxl\cube\STM32CubeIDE_1.7.0\STM32CubeIDE\plugins\com.st.stm32cube.common.mx_6.3.0.202107141111\\db\/mcu/families.xml
2025-10-01 10:04:31,953 [INFO] DbMcusJson:93 - JSON generation date=Tue Nov 16 23:17:54 ICT 2021 (1637079474)
2025-10-01 10:04:32,712 [INFO] DbMcus:175 - Found 1951 MCUs (1903 are supported by CubeMX, 1914 are visible in CubeMX)
2025-10-01 10:04:32,713 [INFO] ApiDb:251 - Load user favorites file C:\Users\DELL/.stm32cubeide/favorites.mcus.txt: 0 item(s)
2025-10-01 10:04:32,713 [INFO] ApiDb:255 - User favorites MCUs=[]
2025-10-01 10:04:32,713 [INFO] DbMcus:187 - Set 0 / 0 favorites MCUs
2025-10-01 10:04:33,304 [INFO] DbMcusDocs:79 - Found 682 MCUs documents
2025-10-01 10:04:33,308 [INFO] ApiDb:276 - Save user favorites file C:\Users\DELL/.stm32cubeide/favorites.mcus.txt: 0 item(s)
2025-10-01 10:04:33,309 [INFO] ApiDb:280 - User favorites MCUs=[]
2025-10-01 10:04:33,309 [INFO] DbMcusXml:100 - Load MCU database from D:\251\vxl\cube\STM32CubeIDE_1.7.0\STM32CubeIDE\plugins\com.st.stm32cube.common.mx_6.3.0.202107141111\\db\/mcu/families.xml
2025-10-01 10:04:34,076 [INFO] DbMcusJson:93 - JSON generation date=Tue Nov 16 23:17:54 ICT 2021 (1637079474)
2025-10-01 10:04:34,715 [INFO] DbMcus:175 - Found 1951 MCUs (1903 are supported by CubeMX, 1914 are visible in CubeMX)
2025-10-01 10:04:34,716 [INFO] ApiDb:251 - Load user favorites file C:\Users\DELL/.stm32cubeide/favorites.mcus.txt: 0 item(s)
2025-10-01 10:04:34,716 [INFO] ApiDb:255 - User favorites MCUs=[]
2025-10-01 10:04:34,716 [INFO] DbMcus:187 - Set 0 / 0 favorites MCUs
2025-10-01 10:04:34,726 [INFO] DbBoardsDocs:143 - JSON generation date=Tue Nov 16 23:17:54 ICT 2021 (1637079474)
2025-10-01 10:04:34,797 [INFO] DbBoardsPdsc:90 - Found 25 items
2025-10-01 10:04:34,828 [INFO] DbBoardsPdsc:90 - Found 9 items
2025-10-01 10:04:34,848 [INFO] DbBoardsPdsc:90 - Found 33 items
2025-10-01 10:04:34,874 [INFO] DbBoardsPdsc:90 - Found 1 items
2025-10-01 10:04:34,895 [INFO] DbBoardsPdsc:90 - Found 48 items
2025-10-01 10:04:34,917 [INFO] DbBoardsPdsc:90 - Found 43 items
2025-10-01 10:04:34,936 [INFO] DbBoardsPdsc:90 - Found 2 items
2025-10-01 10:04:34,960 [INFO] DbBoardsPdsc:90 - Found 5 items
2025-10-01 10:04:34,965 [WARN] DbBoardsPdsc:254 - Board STM32H7B3I-DK: unknown feature type=Audio, name=, username=Audio stereo codec with Headphone Amp (CS42L51-CNZ), n=1
2025-10-01 10:04:34,965 [WARN] DbBoardsPdsc:254 - Board STM32H735G-DK: unknown feature type=Audio, name=, username=Audio stereo codec with Headphone Amp (WM8994ECS/R), n=1
2025-10-01 10:04:34,966 [WARN] DbBoardsPdsc:254 - Board STM32H7B3I-EVAL: unknown feature type=Audio, name=, username=Multi-Channel Audio Codec (CS42L51-CNZ), n=1
2025-10-01 10:04:34,966 [WARN] DbBoardsPdsc:254 - Board STM32H7B3I-EVAL: unknown feature type=Meter, name=, username=Power-metering and Temperature-monitoring with sigma-delta modulators, n=1
2025-10-01 10:04:34,966 [WARN] DbBoardsPdsc:254 - Board STM32H7B3I-EVAL: unknown feature type=Motor, name=, username=Motor Control, n=1
2025-10-01 10:04:34,966 [WARN] DbBoardsPdsc:254 - Board STM32U575I-EV: unknown feature type=joystick, name=, username=4-direction joystick with selection button, n=1
2025-10-01 10:04:35,001 [INFO] DbBoardsJson:86 - JSON generation date=Tue Nov 16 23:17:54 ICT 2021 (1637079474)
2025-10-01 10:04:35,012 [INFO] DbBoards:117 - Found 167 boards (163 are supported by CubeMX)
2025-10-01 10:04:35,014 [INFO] DbBoardsDocs:143 - JSON generation date=Tue Nov 16 23:17:54 ICT 2021 (1637079474)
2025-10-01 10:04:35,019 [INFO] DbBoardsDocs:79 - Found 209 boards documents
2025-10-01 10:04:35,022 [WARN] DbBoards:127 - board B-L475E-IOT01A2 has no document id list !
2025-10-01 10:04:35,023 [WARN] DbBoards:127 - board NUCLEO-H743ZI has no document id list !
2025-10-01 10:04:35,025 [WARN] DbBoards:127 - board NUCLEO-WL55JC2 has no document id list !
2025-10-01 10:04:35,025 [WARN] DbBoards:127 - board P-NUCLEO-WB55-Nucleo has no document id list !
2025-10-01 10:04:35,025 [WARN] DbBoards:127 - board P-NUCLEO-WB55-USBDongle has no document id list !
2025-10-01 10:04:35,025 [WARN] DbBoards:127 - board STEVAL-BFA001V1B has no document id list !
2025-10-01 10:04:35,025 [WARN] DbBoards:127 - board STEVAL-BFA001V2B has no document id list !
2025-10-01 10:04:35,025 [WARN] DbBoards:127 - board STEVAL-IDP005V1 has no document id list !
2025-10-01 10:04:35,025 [WARN] DbBoards:127 - board STEVAL-IDP005V2 has no document id list !
2025-10-01 10:04:35,025 [WARN] DbBoards:127 - board STEVAL-MKSBOX1V1 has no document id list !
2025-10-01 10:04:35,025 [WARN] DbBoards:127 - board STEVAL-STWINKT1 has no document id list !
2025-10-01 10:04:35,025 [WARN] DbBoards:127 - board STEVAL-STWINKT1B has no document id list !
2025-10-01 10:04:35,026 [WARN] DbBoards:127 - board STM32439I-EVAL2 has no document id list !
2025-10-01 10:04:35,026 [WARN] DbBoards:127 - board STM32F401C-DISCO has no document id list !
2025-10-01 10:04:35,027 [WARN] DbBoards:127 - board STM32F769I-DISC1 has no document id list !
2025-10-01 10:04:35,028 [WARN] DbBoards:127 - board STM32G474E-EVAL1 has no document id list !
2025-10-01 10:04:35,028 [WARN] DbBoards:127 - board STM32H743I-EVAL2 has no document id list !
2025-10-01 10:04:35,029 [WARN] DbBoards:127 - board STM32H747I-DISC1 has no document id list !
2025-10-01 10:04:35,029 [WARN] DbBoards:127 - board STM32H753I-EVAL2 has no document id list !
2025-10-01 10:04:35,030 [WARN] DbBoards:127 - board STM32L-DISCOVERY has no document id list !
2025-10-01 10:04:35,304 [ERROR] DbBoards:189 - Image file not found for board B-U585I-IOT02A: D:\251\vxl\cube\STM32CubeIDE_1.7.0\STM32CubeIDE\plugins\com.st.stm32cube.common.mx_6.3.0.202107141111\\db\/plugins/mcufinder/images/boards/B-U585I-IOT02A_small.jpg
2025-10-01 10:04:35,485 [ERROR] DbBoards:189 - Image file not found for board NUCLEO-F413ZH: D:\251\vxl\cube\STM32CubeIDE_1.7.0\STM32CubeIDE\plugins\com.st.stm32cube.common.mx_6.3.0.202107141111\\db\/plugins/mcufinder/images/boards/nucleo-f413zh_small.jpg
2025-10-01 10:04:35,748 [ERROR] DbBoards:189 - Image file not found for board NUCLEO-L552ZE-Q: D:\251\vxl\cube\STM32CubeIDE_1.7.0\STM32CubeIDE\plugins\com.st.stm32cube.common.mx_6.3.0.202107141111\\db\/plugins/mcufinder/images/boards/nucleo_l552ze_q_small.jpg
2025-10-01 10:04:35,748 [ERROR] DbBoards:189 - Image file not found for board NUCLEO-U575ZI-Q: D:\251\vxl\cube\STM32CubeIDE_1.7.0\STM32CubeIDE\plugins\com.st.stm32cube.common.mx_6.3.0.202107141111\\db\/plugins/mcufinder/images/boards/nucleo-u575zi-q_small.jpg
2025-10-01 10:04:35,748 [ERROR] DbBoards:189 - Image file not found for board NUCLEO-WB15CC: D:\251\vxl\cube\STM32CubeIDE_1.7.0\STM32CubeIDE\plugins\com.st.stm32cube.common.mx_6.3.0.202107141111\\db\/plugins/mcufinder/images/boards/nucleo-wb15cc_small.jpg
2025-10-01 10:04:35,748 [ERROR] DbBoards:189 - Image file not found for board NUCLEO-WB55RG: D:\251\vxl\cube\STM32CubeIDE_1.7.0\STM32CubeIDE\plugins\com.st.stm32cube.common.mx_6.3.0.202107141111\\db\/plugins/mcufinder/images/boards/nucleo-wb55rg_small.jpg
2025-10-01 10:04:37,896 [INFO] ApiDb:251 - Load user favorites file C:\Users\DELL/.stm32cubeide/favorites.boards.txt: 0 item(s)
2025-10-01 10:04:37,897 [INFO] ApiDb:255 - User favorites Boards=[]
2025-10-01 10:04:37,897 [INFO] DbBoards:206 - Set 0 / 0 favorites Boards
2025-10-01 10:04:37,900 [INFO] DbBoardsDocs:79 - Found 418 boards documents
2025-10-01 10:04:37,901 [INFO] ApiDb:276 - Save user favorites file C:\Users\DELL/.stm32cubeide/favorites.boards.txt: 0 item(s)
2025-10-01 10:04:37,901 [INFO] ApiDb:280 - User favorites Boards=[]
2025-10-01 10:04:37,905 [INFO] DbBoardsPdsc:90 - Found 25 items
2025-10-01 10:04:37,908 [INFO] DbBoardsPdsc:90 - Found 9 items
2025-10-01 10:04:37,911 [INFO] DbBoardsPdsc:90 - Found 33 items
2025-10-01 10:04:37,912 [INFO] DbBoardsPdsc:90 - Found 1 items
2025-10-01 10:04:37,916 [INFO] DbBoardsPdsc:90 - Found 48 items
2025-10-01 10:04:37,923 [INFO] DbBoardsPdsc:90 - Found 43 items
2025-10-01 10:04:37,925 [INFO] DbBoardsPdsc:90 - Found 2 items
2025-10-01 10:04:37,926 [INFO] DbBoardsPdsc:90 - Found 5 items
2025-10-01 10:04:37,929 [WARN] DbBoardsPdsc:254 - Board STM32H7B3I-DK: unknown feature type=Audio, name=, username=Audio stereo codec with Headphone Amp (CS42L51-CNZ), n=1
2025-10-01 10:04:37,929 [WARN] DbBoardsPdsc:254 - Board STM32H735G-DK: unknown feature type=Audio, name=, username=Audio stereo codec with Headphone Amp (WM8994ECS/R), n=1
2025-10-01 10:04:37,931 [WARN] DbBoardsPdsc:254 - Board STM32H7B3I-EVAL: unknown feature type=Audio, name=, username=Multi-Channel Audio Codec (CS42L51-CNZ), n=1
2025-10-01 10:04:37,931 [WARN] DbBoardsPdsc:254 - Board STM32H7B3I-EVAL: unknown feature type=Meter, name=, username=Power-metering and Temperature-monitoring with sigma-delta modulators, n=1
2025-10-01 10:04:37,931 [WARN] DbBoardsPdsc:254 - Board STM32H7B3I-EVAL: unknown feature type=Motor, name=, username=Motor Control, n=1
2025-10-01 10:04:37,932 [WARN] DbBoardsPdsc:254 - Board STM32U575I-EV: unknown feature type=joystick, name=, username=4-direction joystick with selection button, n=1
2025-10-01 10:04:37,952 [INFO] DbBoardsJson:86 - JSON generation date=Tue Nov 16 23:17:54 ICT 2021 (1637079474)
2025-10-01 10:04:37,959 [INFO] DbBoards:117 - Found 167 boards (163 are supported by CubeMX)
2025-10-01 10:04:37,959 [WARN] DbBoards:127 - board B-L475E-IOT01A2 has no document id list !
2025-10-01 10:04:37,960 [WARN] DbBoards:127 - board NUCLEO-H743ZI has no document id list !
2025-10-01 10:04:37,960 [WARN] DbBoards:127 - board NUCLEO-WL55JC2 has no document id list !
2025-10-01 10:04:37,960 [WARN] DbBoards:127 - board P-NUCLEO-WB55-Nucleo has no document id list !
2025-10-01 10:04:37,960 [WARN] DbBoards:127 - board P-NUCLEO-WB55-USBDongle has no document id list !
2025-10-01 10:04:37,960 [WARN] DbBoards:127 - board STEVAL-BFA001V1B has no document id list !
2025-10-01 10:04:37,960 [WARN] DbBoards:127 - board STEVAL-BFA001V2B has no document id list !
2025-10-01 10:04:37,960 [WARN] DbBoards:127 - board STEVAL-IDP005V1 has no document id list !
2025-10-01 10:04:37,960 [WARN] DbBoards:127 - board STEVAL-IDP005V2 has no document id list !
2025-10-01 10:04:37,960 [WARN] DbBoards:127 - board STEVAL-MKSBOX1V1 has no document id list !
2025-10-01 10:04:37,960 [WARN] DbBoards:127 - board STEVAL-STWINKT1 has no document id list !
2025-10-01 10:04:37,960 [WARN] DbBoards:127 - board STEVAL-STWINKT1B has no document id list !
2025-10-01 10:04:37,960 [WARN] DbBoards:127 - board STM32439I-EVAL2 has no document id list !
2025-10-01 10:04:37,961 [WARN] DbBoards:127 - board STM32F401C-DISCO has no document id list !
2025-10-01 10:04:37,961 [WARN] DbBoards:127 - board STM32F769I-DISC1 has no document id list !
2025-10-01 10:04:37,961 [WARN] DbBoards:127 - board STM32G474E-EVAL1 has no document id list !
2025-10-01 10:04:37,961 [WARN] DbBoards:127 - board STM32H743I-EVAL2 has no document id list !
2025-10-01 10:04:37,961 [WARN] DbBoards:127 - board STM32H747I-DISC1 has no document id list !
2025-10-01 10:04:37,961 [WARN] DbBoards:127 - board STM32H753I-EVAL2 has no document id list !
2025-10-01 10:04:37,961 [WARN] DbBoards:127 - board STM32L-DISCOVERY has no document id list !
2025-10-01 10:04:38,052 [ERROR] DbBoards:189 - Image file not found for board B-U585I-IOT02A: D:\251\vxl\cube\STM32CubeIDE_1.7.0\STM32CubeIDE\plugins\com.st.stm32cube.common.mx_6.3.0.202107141111\\db\/plugins/mcufinder/images/boards/B-U585I-IOT02A_small.jpg
2025-10-01 10:04:38,145 [ERROR] DbBoards:189 - Image file not found for board NUCLEO-F413ZH: D:\251\vxl\cube\STM32CubeIDE_1.7.0\STM32CubeIDE\plugins\com.st.stm32cube.common.mx_6.3.0.202107141111\\db\/plugins/mcufinder/images/boards/nucleo-f413zh_small.jpg
2025-10-01 10:04:38,382 [ERROR] DbBoards:189 - Image file not found for board NUCLEO-L552ZE-Q: D:\251\vxl\cube\STM32CubeIDE_1.7.0\STM32CubeIDE\plugins\com.st.stm32cube.common.mx_6.3.0.202107141111\\db\/plugins/mcufinder/images/boards/nucleo_l552ze_q_small.jpg
2025-10-01 10:04:38,382 [ERROR] DbBoards:189 - Image file not found for board NUCLEO-U575ZI-Q: D:\251\vxl\cube\STM32CubeIDE_1.7.0\STM32CubeIDE\plugins\com.st.stm32cube.common.mx_6.3.0.202107141111\\db\/plugins/mcufinder/images/boards/nucleo-u575zi-q_small.jpg
2025-10-01 10:04:38,383 [ERROR] DbBoards:189 - Image file not found for board NUCLEO-WB15CC: D:\251\vxl\cube\STM32CubeIDE_1.7.0\STM32CubeIDE\plugins\com.st.stm32cube.common.mx_6.3.0.202107141111\\db\/plugins/mcufinder/images/boards/nucleo-wb15cc_small.jpg
2025-10-01 10:04:38,383 [ERROR] DbBoards:189 - Image file not found for board NUCLEO-WB55RG: D:\251\vxl\cube\STM32CubeIDE_1.7.0\STM32CubeIDE\plugins\com.st.stm32cube.common.mx_6.3.0.202107141111\\db\/plugins/mcufinder/images/boards/nucleo-wb55rg_small.jpg
2025-10-01 10:04:39,301 [INFO] ApiDb:251 - Load user favorites file C:\Users\DELL/.stm32cubeide/favorites.boards.txt: 0 item(s)
2025-10-01 10:04:39,301 [INFO] ApiDb:255 - User favorites Boards=[]
2025-10-01 10:04:39,301 [INFO] DbBoards:206 - Set 0 / 0 favorites Boards
2025-10-01 10:04:39,316 [INFO] LoadUrlFilesThread:172 - End of LoadServerUrlFiles without Thread
2025-10-01 10:04:39,316 [INFO] TargetSelectorAdapter:224 - Refresh data is successful
2025-10-01 10:04:39,536 [INFO] ApiDb:479 - Connected to CubeFinder SQLite database (C:\Users\DELL\.stmcufinder\plugins\mcufinder\mcu\cube-finder-db.db)
2025-10-01 10:04:40,650 [ERROR] DbExamplesSqlite:446 - Missing JSON key: board_cpn
2025-10-01 10:04:40,650 [ERROR] DbExamplesSqlite:446 - Missing JSON key: board_cpn
2025-10-01 10:04:40,650 [ERROR] DbExamplesSqlite:446 - Missing JSON key: board_cpn
2025-10-01 10:04:40,650 [ERROR] DbExamplesSqlite:446 - Missing JSON key: board_cpn
2025-10-01 10:04:40,990 [ERROR] DbExamplesSqlite:446 - Missing JSON key: board_cpn
2025-10-01 10:04:40,990 [ERROR] DbExamplesSqlite:446 - Missing JSON key: board_cpn
2025-10-01 10:04:40,994 [INFO] DbExamplesSqlite:411 - Ignored 33 examples not supported by CubeIDE
2025-10-01 10:04:40,994 [INFO] DbExamplesSqlite:412 - Found 10871 examples active
2025-10-01 10:04:40,994 [INFO] DbExamplesSqlite:413 - Found 0 examples obsolete
2025-10-01 10:04:40,994 [INFO] DbExamplesSqlite:414 - Found 0 examples under development
2025-10-01 10:04:40,994 [INFO] DbExamplesSqlite:415 - Found 65 examples not building
2025-10-01 10:04:41,115 [INFO] DbExamplesSqlite:108 - CubeFinder database Data Model version=2.1
2025-10-01 10:04:41,115 [INFO] DbExamplesSqlite:109 - CubeFinder database Configuration version=3.0.39
2025-10-01 10:04:41,115 [INFO] DbExamplesSqlite:110 - CubeFinder database generation date=2025-08-25 (1756130511)
2025-10-01 10:04:41,115 [INFO] DbExamplesSqlite:111 - CubeFinder database FW Pack versions=[FP-ATR-ASTRA1_V2.0.0, FP-SNS-FLIGHT1_V5.1.0, FP-SNS-MOTENV1_V5.0.0, FP-SNS-MOTENVWB1_V1.4.0, FP-SNS-SMARTAG2_V1.2.0, FP-SNS-STBOX1_V2.1.0, STM32Cube_FW_C0_V1.4.0, STM32Cube_FW_F4_V1.28.3, STM32Cube_FW_F7_V1.17.4, STM32Cube_FW_G0_V1.6.2, STM32Cube_FW_G4_V1.6.1, STM32Cube_FW_H5_V1.5.0, STM32Cube_FW_H7RS_V1.2.0, STM32Cube_FW_H7_V1.12.1, STM32Cube_FW_L0_V1.12.2, STM32Cube_FW_L4_V1.18.1, STM32Cube_FW_L5_V1.5.1, STM32Cube_FW_N6_V1.2.0, STM32Cube_FW_U0_V1.3.0, STM32Cube_FW_U3_V1.2.0, STM32Cube_FW_U5_V1.8.0, STM32Cube_FW_WB0_V1.3.0, STM32Cube_FW_WBA_V1.7.0, STM32Cube_FW_WB_V1.23.0, STM32Cube_FW_WL3_V1.2.0, STM32Cube_FW_WL_V1.3.1, X-CUBE-ALGOBUILD_V1.4.0, X-CUBE-ALS_V1.0.2, X-CUBE-AZRTOS-F4_V1.1.0, X-CUBE-AZRTOS-F7_V1.1.0, X-CUBE-AZRTOS-G0_V1.1.0, X-CUBE-AZRTOS-G4_V2.0.0, X-CUBE-AZRTOS-H7RS_V1.1.0, X-CUBE-AZRTOS-H7_V3.4.0, X-CUBE-AZRTOS-L4_V2.0.0, X-CUBE-AZRTOS-L5_V2.0.0, X-CUBE-AZRTOS-WB_V2.0.0, X-CUBE-AZRTOS-WL_V2.0.0, X-CUBE-BLE1_V7.1.0, X-CUBE-BLE2_V3.3.0, X-CUBE-BLEMGR_V4.1.0, X-CUBE-EEPRMA1_V5.2.0, X-CUBE-FREERTOS_V1.3.1, X-CUBE-GNSS1_V6.0.0, X-CUBE-MEMS1_V11.3.0, X-CUBE-NFC4_V3.0.0, X-CUBE-NFC7_V2.0.0, X-CUBE-SFXS2LP1_V4.0.0, X-CUBE-ST67W61_V1.0.0, X-CUBE-SUBG2_V5.0.0, X-CUBE-TOF1_V3.4.3]
2025-10-01 10:04:41,116 [INFO] DbExamples:130 - Found 10903 examples
2025-10-01 10:04:42,455 [ERROR] DbExamples:206 - Found 10903 examples with invalid data (board or MCU)
2025-10-01 10:04:42,455 [INFO] DbExamples:222 - Found 97 boards with related examples
2025-10-01 10:04:42,456 [INFO] DbExamples:235 - Found 0 MCUs with related examples
2025-10-01 10:04:42,498 [INFO] ApiDb:242 - User favorites file not found: C:\Users\DELL/.stm32cubeide/favorites.examples.txt
2025-10-01 10:04:42,498 [INFO] DbExamples:256 - Set 0 / 0 favorites Examples
2025-10-01 10:04:43,070 [INFO] McuFinderGlobals:52 - Set McuFinderConnectedMode to false
2025-10-01 10:04:43,186 [INFO] CrossSelectorPresenter:1330 - Cross Selector saved comparison directory: C:\Users\DELL\.stmcufinder\plugins\mcufinder\mcu\cs_comparisons_mx
2025-10-01 10:04:43,194 [INFO] MultiScanPanel:197 - Auto-refresh data requested => check proxy status ongoing
2025-10-01 10:04:43,194 [INFO] MultiScanPanel:201 - Proxy status is invalid
2025-10-01 10:04:43,198 [INFO] FinderPluginLoader:87 - Searching for filters in installed packs
2025-10-01 10:04:43,903 [INFO] DetailPanel:309 - Set advertising image to C:/Users/DELL/STM32Cube/Repository/\en.2400x1350px.jpeg
2025-10-01 10:29:46,241 [INFO] MainUpdater:2671 - connection check result : 10
2025-10-01 10:29:46,241 [INFO] MainUpdater:2671 - connection check result : 10
2025-10-01 10:29:46,330 [INFO] MicroXplorer:448 - Change Database Path : 
2025-10-01 10:29:46,330 [INFO] MicroXplorer:478 - Change Database Version : DB.6.0.30
2025-10-01 10:29:46,330 [WARN] ThirdParty:813 - waiting for thirdparty lock release [close project]
2025-10-01 10:29:46,330 [INFO] ThirdParty:815 - entering critical section [close project]
2025-10-01 10:29:46,330 [INFO] ThirdParty:825 - exiting critical section [close project]
2025-10-01 10:29:46,345 [INFO] PinOutPanel:1463 - setPackage(No Configuration,No Configuration)
2025-10-01 10:29:46,345 [INFO] UtilMem:74 - Begin LoadConfig() Used Memory: 914630376 Bytes (1041235968)
2025-10-01 10:29:46,345 [INFO] MicroXplorer:448 - Change Database Path : 
2025-10-01 10:29:46,345 [INFO] MicroXplorer:478 - Change Database Version : DB.6.0.30
2025-10-01 10:29:46,345 [INFO] OpenFileManager:313 - Change cursor
2025-10-01 10:29:46,376 [WARN] IntegrityCheckThread:78 - waiting for thirdparty lock release [integrity check]
2025-10-01 10:29:46,376 [INFO] IntegrityCheckThread:80 - entering critical section [integrity check]
2025-10-01 10:29:46,524 [ERROR] Engine:463 - C:\Users\DELL\.stm32cubemx\thirdparties\pdsc\Avnet-IotConnect.X-CUBE-IoTC-DA16k-PMOD.1.0.0.pdsc: PDSC version is not supported
2025-10-01 10:29:46,540 [ERROR] Engine:463 - C:\Users\DELL\.stm32cubemx\thirdparties\pdsc\WES.I-CUBE-Cesium.1.4.0.pdsc: PDSC version is not supported
2025-10-01 10:29:46,540 [ERROR] Engine:463 - C:\Users\DELL\.stm32cubemx\thirdparties\pdsc\STMicroelectronics.X-CUBE-FREERTOS.1.3.1.pdsc: PDSC version is not supported
2025-10-01 10:29:46,540 [WARN] PackLoader:238 - Cannot read IP mode file for STMicroelectronics.X-CUBE-TOUCHGFX.4.26.0
2025-10-01 10:29:46,555 [WARN] PackLoader:238 - Cannot read IP mode file for STMicroelectronics.X-CUBE-TOUCHGFX.4.25.0
2025-10-01 10:29:46,555 [INFO] ThirdParty:915 - Integrity check success = true
2025-10-01 10:29:46,555 [INFO] IntegrityCheckThread:94 - exiting critical section [integrity check]
2025-10-01 10:29:46,555 [INFO] IntegrityCheckThread:97 - End integrity checks thread
2025-10-01 10:29:47,743 [INFO] Context:592 - Trying to add GPIOservice into a context  which must be forbidden
2025-10-01 10:29:48,033 [INFO] ImportTextPane:167 - (OptionalMessage_ERROR) Unable to find key (Mcu.ThirdPartyNb) in loaded IOC file
2025-10-01 10:29:48,033 [INFO] ImportTextPane:167 - (OptionalMessage_ERROR) Unable to find key (Mcu.PinsNb) in loaded IOC file
2025-10-01 10:29:48,033 [INFO] ImportTextPane:167 - (OptionalMessage_ERROR) Unable to find key (Mcu.IPNb) in loaded IOC file
2025-10-01 10:29:48,086 [INFO] RtosManager:484 - Registered RTOS mode: class=CMSIS, group=RTOS, mode=CMSIS_V1, owner=FREERTOS
2025-10-01 10:29:48,086 [INFO] RtosManager:484 - Registered RTOS mode: class=CMSIS, group=RTOS2, mode=CMSIS_V2, owner=FREERTOS
2025-10-01 10:29:48,086 [INFO] RtosManager:484 - Registered RTOS mode: class=RTOS, group=Core, mode=CMSIS_V1, owner=FREERTOS
2025-10-01 10:29:48,086 [INFO] RtosManager:484 - Registered RTOS mode: class=RTOS, group=Core, mode=CMSIS_V2, owner=FREERTOS
2025-10-01 10:29:48,086 [WARN] ModelIntegratedComponent:181 - Missing modes for component STMicroelectronics:FreeRTOS:0.0.1:STMicroelectronics:RTOS:FreeRTOS:Core:::10.2.0:
2025-10-01 10:29:48,086 [WARN] ModelIntegratedComponent:60 - No mode defined for component null
2025-10-01 10:29:48,086 [WARN] ModelIntegratedComponent:60 - No mode defined for component null
2025-10-01 10:29:48,086 [WARN] ModelIntegratedComponent:60 - No mode defined for component null
2025-10-01 10:29:48,086 [WARN] ModelIntegratedComponent:60 - No mode defined for component null
2025-10-01 10:29:48,086 [WARN] ModelIntegratedComponent:60 - No mode defined for component null
2025-10-01 10:29:48,086 [WARN] ModelIntegratedComponent:60 - No mode defined for component null
2025-10-01 10:29:48,086 [WARN] ModelIntegratedComponent:60 - No mode defined for component null
2025-10-01 10:29:48,086 [WARN] ModelIntegratedComponent:60 - No mode defined for component null
2025-10-01 10:29:48,086 [WARN] ModelIntegratedComponent:60 - No mode defined for component null
2025-10-01 10:29:48,086 [WARN] ModelIntegratedComponent:60 - No mode defined for component null
2025-10-01 10:29:48,086 [WARN] ModelIntegratedComponent:60 - No mode defined for component null
2025-10-01 10:29:48,086 [WARN] ModelIntegratedComponent:60 - No mode defined for component null
2025-10-01 10:29:48,086 [WARN] ModelIntegratedComponent:60 - No mode defined for component null
2025-10-01 10:29:48,086 [WARN] ModelIntegratedComponent:60 - No mode defined for component null
2025-10-01 10:29:48,086 [WARN] ModelIntegratedComponent:60 - No mode defined for component null
2025-10-01 10:29:48,086 [WARN] ModelIntegratedComponent:60 - No mode defined for component null
2025-10-01 10:29:48,086 [WARN] ModelIntegratedComponent:60 - No mode defined for component null
2025-10-01 10:29:48,086 [WARN] ModelIntegratedComponent:60 - No mode defined for component null
2025-10-01 10:29:48,086 [WARN] ModelIntegratedComponent:60 - No mode defined for component null
2025-10-01 10:29:48,086 [WARN] ModelIntegratedComponent:60 - No mode defined for component null
2025-10-01 10:29:48,086 [WARN] ModelIntegratedComponent:60 - No mode defined for component null
2025-10-01 10:29:48,102 [WARN] ModelIntegratedComponent:60 - No mode defined for component null
2025-10-01 10:29:48,102 [WARN] ModelIntegratedComponent:60 - No mode defined for component null
2025-10-01 10:29:48,102 [WARN] ModelIntegratedComponent:60 - No mode defined for component null
2025-10-01 10:29:48,102 [WARN] ModelIntegratedComponent:60 - No mode defined for component null
2025-10-01 10:29:48,102 [WARN] ModelIntegratedComponent:60 - No mode defined for component null
2025-10-01 10:29:48,102 [WARN] ModelIntegratedComponent:60 - No mode defined for component null
2025-10-01 10:29:48,102 [WARN] ModelIntegratedComponent:60 - No mode defined for component null
2025-10-01 10:29:48,102 [WARN] ModelIntegratedComponent:60 - No mode defined for component null
2025-10-01 10:29:48,102 [WARN] ModelIntegratedComponent:60 - No mode defined for component null
2025-10-01 10:29:48,102 [WARN] ModelIntegratedComponent:60 - No mode defined for component null
2025-10-01 10:29:48,211 [INFO] UtilMem:74 - End LoadConfig() Used Memory: 880859792 Bytes (1041235968)
2025-10-01 10:29:48,251 [WARN] ThirdParty:779 - waiting for thirdparty lock release [change project]
2025-10-01 10:29:48,251 [INFO] ThirdParty:781 - entering critical section [change project]
2025-10-01 10:29:48,251 [INFO] ThirdParty:967 - CMSIS Pack Vendor :STMicroelectronics USB_HOST 2.0.0
2025-10-01 10:29:48,251 [INFO] ThirdParty:967 - CMSIS Pack Vendor :STMicroelectronics FreeRTOS 0.0.1
2025-10-01 10:29:48,251 [INFO] ThirdParty:967 - CMSIS Pack Vendor :STMicroelectronics USB_DEVICE 1.0.0
2025-10-01 10:29:48,251 [INFO] ThirdParty:967 - CMSIS Pack Vendor :STMicroelectronics USB_DEVICE 3.0.0
2025-10-01 10:29:48,251 [INFO] ThirdParty:967 - CMSIS Pack Vendor :STMicroelectronics HAL Drivers 0.0.0
2025-10-01 10:29:48,251 [INFO] ThirdParty:967 - CMSIS Pack Vendor :STMicroelectronics MBEDTLS 2.16.2
2025-10-01 10:29:48,251 [INFO] ThirdParty:967 - CMSIS Pack Vendor :STMicroelectronics ThreadX 0.0.2
2025-10-01 10:29:48,252 [INFO] ThirdParty:967 - CMSIS Pack Vendor :STMicroelectronics lwIP 2.0.3
2025-10-01 10:29:48,252 [INFO] ThirdParty:967 - CMSIS Pack Vendor :STMicroelectronics lwIP 2.1.2
2025-10-01 10:29:48,252 [INFO] ThirdParty:967 - CMSIS Pack Vendor :STMicroelectronics MBEDTLS 2.14.1
2025-10-01 10:29:48,252 [INFO] ThirdParty:967 - CMSIS Pack Vendor :STMicroelectronics USB_HOST 1.0.0
2025-10-01 10:29:48,252 [INFO] ThirdParty:967 - CMSIS Pack Vendor :STMicroelectronics X-CUBE-TOUCHGFX 4.26.0
2025-10-01 10:29:48,252 [INFO] ThirdParty:967 - CMSIS Pack Vendor :STMicroelectronics X-CUBE-TOUCHGFX 4.25.0
2025-10-01 10:29:48,252 [INFO] ThirdParty:967 - CMSIS Pack Vendor :STMicroelectronics PDM2PCM 3.1.0
2025-10-01 10:29:48,252 [INFO] ThirdParty:967 - CMSIS Pack Vendor :STMicroelectronics PDM2PCM 3.2.0
2025-10-01 10:29:48,252 [INFO] ThirdParty:967 - CMSIS Pack Vendor :STMicroelectronics USB_DEVICE 2.0.0
2025-10-01 10:29:48,252 [INFO] ThirdParty:967 - CMSIS Pack Vendor :STMicroelectronics PDM2PCM 3.3.0
2025-10-01 10:29:48,252 [INFO] ThirdParty:787 - exiting critical section [change project]
2025-10-01 10:29:48,569 [INFO] PinOutPanel:1463 - setPackage(No Configuration,No Configuration)
2025-10-01 10:29:48,569 [INFO] PinOutPanel:1463 - setPackage(STM32F103C6Ux,UFQFPN48)
2025-10-01 10:29:49,102 [INFO] UtilMem:74 - Before build in PCC Used Memory: 913809568 Bytes (1041235968)
2025-10-01 10:29:50,023 [INFO] UtilMem:74 - After build in PCC Used Memory: 891167768 Bytes (1041235968)
2025-10-01 10:29:50,042 [INFO] IPUIPlugin:74 - create IPUIPlugin
2025-10-01 10:29:50,042 [INFO] IPUIPlugin:74 - create IPUIPlugin
2025-10-01 10:29:50,042 [INFO] IPUIPlugin:74 - create IPUIPlugin
2025-10-01 10:29:50,042 [INFO] IPUIPlugin:74 - create IPUIPlugin
2025-10-01 10:29:50,042 [INFO] IPUIPlugin:74 - create IPUIPlugin
2025-10-01 10:29:50,042 [INFO] IPUIPlugin:74 - create IPUIPlugin
2025-10-01 10:29:50,042 [INFO] IPUIPlugin:74 - create IPUIPlugin
2025-10-01 10:29:50,042 [INFO] IPUIPlugin:74 - create IPUIPlugin
2025-10-01 10:29:50,042 [INFO] IPUIPlugin:74 - create IPUIPlugin
2025-10-01 10:29:50,042 [INFO] IPUIPlugin:74 - create IPUIPlugin
2025-10-01 10:29:50,042 [INFO] IPUIPlugin:74 - create IPUIPlugin
2025-10-01 10:29:50,042 [INFO] IPUIPlugin:74 - create IPUIPlugin
2025-10-01 10:29:50,042 [INFO] IPUIPlugin:74 - create IPUIPlugin
2025-10-01 10:29:50,042 [INFO] IPUIPlugin:74 - create IPUIPlugin
2025-10-01 10:29:50,042 [INFO] IPUIPlugin:74 - create IPUIPlugin
2025-10-01 10:29:50,042 [INFO] IPUIPlugin:74 - create IPUIPlugin
2025-10-01 10:29:50,042 [INFO] IPUIPlugin:74 - create IPUIPlugin
2025-10-01 10:29:50,042 [INFO] IPUIPlugin:74 - create IPUIPlugin
2025-10-01 10:29:50,042 [INFO] IPUIPlugin:74 - create IPUIPlugin
2025-10-01 10:29:50,042 [INFO] IPUIPlugin:74 - create IPUIPlugin
2025-10-01 10:29:50,042 [INFO] IPUIPlugin:74 - create IPUIPlugin
2025-10-01 10:29:50,042 [INFO] IPUIPlugin:74 - create IPUIPlugin
2025-10-01 10:29:50,042 [INFO] IPUIPlugin:74 - create IPUIPlugin
2025-10-01 10:29:50,231 [INFO] OpenFileManager:333 - Restore cursor
2025-10-01 10:29:50,586 [INFO] UtilMem:74 - End SaveConfig() Used Memory: 901650640 Bytes (1041235968)
2025-10-01 10:29:50,773 [INFO] UtilMem:74 - End SaveConfig() Used Memory: 912660688 Bytes (1041235968)
2025-10-01 10:29:51,233 [INFO] BlockDiagram:2740 - set Specific Code input for plugin: NVIC
2025-10-01 10:29:51,233 [INFO] BlockDiagram:2740 - set Specific Code input for plugin: SYS
2025-10-01 10:29:51,233 [INFO] BlockDiagram:2740 - set Specific Code input for plugin: RCC
2025-10-01 10:29:51,248 [INFO] CodeGenerator:663 - code generatio: config db path: D:\251\vxl\cube\STM32CubeIDE_1.7.0\STM32CubeIDE\plugins\com.st.stm32cube.common.mx_6.3.0.202107141111\\db\
2025-10-01 10:29:51,661 [INFO] CodeEngine:239 - oldGeneratedFile, D:\251\vxl\gitlab2\code\lab2\MXTmpFiles\license.tmp_save
2025-10-01 10:29:52,070 [INFO] CodeEngine:257 - Generated code: D:\251\vxl\gitlab2\code\lab2\MXTmpFiles\license.tmp
2025-10-01 10:29:52,288 [INFO] CodeEngine:239 - oldGeneratedFile, D:\251\vxl\gitlab2\code\lab2\Core\Src\stm32f1xx_it.c_save
2025-10-01 10:29:52,444 [INFO] CodeEngine:257 - Generated code: D:\251\vxl\gitlab2\code\lab2\Core\Src\stm32f1xx_it.c
2025-10-01 10:29:52,475 [INFO] CodeEngine:239 - oldGeneratedFile, D:\251\vxl\gitlab2\code\lab2\Core\Inc\stm32f1xx_it.h_save
2025-10-01 10:29:52,577 [INFO] CodeEngine:257 - Generated code: D:\251\vxl\gitlab2\code\lab2\Core\Inc\stm32f1xx_it.h
2025-10-01 10:29:52,609 [INFO] CodeEngine:239 - oldGeneratedFile, D:\251\vxl\gitlab2\code\lab2\Core\Src\stm32f1xx_hal_msp.c_save
2025-10-01 10:29:52,835 [INFO] CodeEngine:257 - Generated code: D:\251\vxl\gitlab2\code\lab2\Core\Src\stm32f1xx_hal_msp.c
2025-10-01 10:29:52,850 [INFO] CodeEngine:239 - oldGeneratedFile, D:\251\vxl\gitlab2\code\lab2\MXTmpFiles\system.tmp_save
2025-10-01 10:29:52,928 [INFO] CodeEngine:257 - Generated code: D:\251\vxl\gitlab2\code\lab2\MXTmpFiles\system.tmp
2025-10-01 10:29:52,974 [INFO] CodeEngine:239 - oldGeneratedFile, D:\251\vxl\gitlab2\code\lab2\Core\Inc\stm32f1xx_hal_conf.h_save
2025-10-01 10:29:53,096 [INFO] CodeEngine:257 - Generated code: D:\251\vxl\gitlab2\code\lab2\Core\Inc\stm32f1xx_hal_conf.h
2025-10-01 10:29:53,211 [INFO] CodeEngine:239 - oldGeneratedFile, D:\251\vxl\gitlab2\code\lab2\Core\Inc\main.h_save
2025-10-01 10:29:53,333 [INFO] CodeEngine:257 - Generated code: D:\251\vxl\gitlab2\code\lab2\Core\Inc\main.h
2025-10-01 10:29:53,350 [INFO] CodeEngine:239 - oldGeneratedFile, D:\251\vxl\gitlab2\code\lab2\Core\Src\main.c_save
2025-10-01 10:29:53,476 [INFO] CodeEngine:257 - Generated code: D:\251\vxl\gitlab2\code\lab2\Core\Src\main.c
2025-10-01 10:29:54,860 [INFO] ProjectBuilder:2578 - Time for Copy HAL[1] : 269mS.
2025-10-01 10:29:54,874 [INFO] ProjectBuilder:3622 - Project Generator version: 3.14.1
2025-10-01 10:29:55,358 [INFO] ConfigFileManager:1271 - The Die is : DIE412
2025-10-01 10:29:55,397 [INFO] ApiDbMcu:468 - Load IP Config File for FATFS
2025-10-01 10:29:55,459 [INFO] ApiDbMcu:468 - Load IP Config File for FREERTOS
2025-10-01 10:29:55,507 [INFO] ApiDbMcu:468 - Load IP Config File for USB_DEVICE
2025-10-01 10:30:04,347 [INFO] ProjectBuilder:3789 - Time for Generating toolchain IDE Files: 9473mS.
2025-10-01 10:30:04,363 [INFO] ProjectBuilder:2457 - Time for Copy CMSIS : 16mS.
2025-10-01 10:30:04,378 [INFO] ProjectBuilder:2457 - Time for Copy CMSIS : 0mS.
2025-10-01 10:30:05,081 [INFO] McuFinderGlobals:52 - Set McuFinderConnectedMode to true
2025-10-01 10:30:05,081 [INFO] ApiDb:276 - Save user favorites file C:\Users\DELL/.stm32cubeide/favorites.mcus.txt: 0 item(s)
2025-10-01 10:30:05,081 [INFO] ApiDb:280 - User favorites MCUs=[]
2025-10-01 10:32:03,414 [INFO] UtilMem:74 - End SaveConfig() Used Memory: 880432640 Bytes (1073741824)
2025-10-01 10:32:05,000 [INFO] UtilMem:74 - End SaveConfig() Used Memory: 902890320 Bytes (1073741824)
2025-10-01 10:32:08,615 [INFO] UtilMem:74 - End SaveConfig() Used Memory: 876612192 Bytes (1073741824)
2025-10-01 10:32:08,925 [INFO] BlockDiagram:2740 - set Specific Code input for plugin: NVIC
2025-10-01 10:32:08,927 [INFO] BlockDiagram:2740 - set Specific Code input for plugin: SYS
2025-10-01 10:32:08,927 [INFO] BlockDiagram:2740 - set Specific Code input for plugin: RCC
2025-10-01 10:32:08,928 [INFO] CodeGenerator:663 - code generatio: config db path: D:\251\vxl\cube\STM32CubeIDE_1.7.0\STM32CubeIDE\plugins\com.st.stm32cube.common.mx_6.3.0.202107141111\\db\
2025-10-01 10:32:09,222 [INFO] CodeEngine:239 - oldGeneratedFile, D:\251\vxl\gitlab2\code\lab2\MXTmpFiles\license.tmp_save
2025-10-01 10:32:09,323 [INFO] CodeEngine:257 - Generated code: D:\251\vxl\gitlab2\code\lab2\MXTmpFiles\license.tmp
2025-10-01 10:32:09,357 [INFO] CodeEngine:239 - oldGeneratedFile, D:\251\vxl\gitlab2\code\lab2\Core\Src\stm32f1xx_it.c_save
2025-10-01 10:32:09,462 [INFO] CodeEngine:257 - Generated code: D:\251\vxl\gitlab2\code\lab2\Core\Src\stm32f1xx_it.c
2025-10-01 10:32:09,475 [INFO] CodeEngine:239 - oldGeneratedFile, D:\251\vxl\gitlab2\code\lab2\Core\Inc\stm32f1xx_it.h_save
2025-10-01 10:32:09,608 [INFO] CodeEngine:257 - Generated code: D:\251\vxl\gitlab2\code\lab2\Core\Inc\stm32f1xx_it.h
2025-10-01 10:32:09,637 [INFO] CodeEngine:239 - oldGeneratedFile, D:\251\vxl\gitlab2\code\lab2\Core\Src\stm32f1xx_hal_msp.c_save
2025-10-01 10:32:09,775 [INFO] CodeEngine:257 - Generated code: D:\251\vxl\gitlab2\code\lab2\Core\Src\stm32f1xx_hal_msp.c
2025-10-01 10:32:09,782 [INFO] CodeEngine:239 - oldGeneratedFile, D:\251\vxl\gitlab2\code\lab2\MXTmpFiles\system.tmp_save
2025-10-01 10:32:09,841 [INFO] CodeEngine:257 - Generated code: D:\251\vxl\gitlab2\code\lab2\MXTmpFiles\system.tmp
2025-10-01 10:32:09,866 [INFO] CodeEngine:239 - oldGeneratedFile, D:\251\vxl\gitlab2\code\lab2\Core\Inc\stm32f1xx_hal_conf.h_save
2025-10-01 10:32:10,004 [INFO] CodeEngine:257 - Generated code: D:\251\vxl\gitlab2\code\lab2\Core\Inc\stm32f1xx_hal_conf.h
2025-10-01 10:32:10,048 [INFO] CodeEngine:239 - oldGeneratedFile, D:\251\vxl\gitlab2\code\lab2\Core\Inc\main.h_save
2025-10-01 10:32:10,136 [INFO] CodeEngine:257 - Generated code: D:\251\vxl\gitlab2\code\lab2\Core\Inc\main.h
2025-10-01 10:32:10,161 [INFO] CodeEngine:239 - oldGeneratedFile, D:\251\vxl\gitlab2\code\lab2\Core\Src\main.c_save
2025-10-01 10:32:10,329 [INFO] CodeEngine:257 - Generated code: D:\251\vxl\gitlab2\code\lab2\Core\Src\main.c
2025-10-01 10:32:12,234 [INFO] ProjectBuilder:2578 - Time for Copy HAL[1] : 841mS.
2025-10-01 10:32:12,242 [INFO] ProjectBuilder:3622 - Project Generator version: 3.14.1
2025-10-01 10:32:12,656 [INFO] ConfigFileManager:1271 - The Die is : DIE412
2025-10-01 10:32:15,172 [INFO] ProjectBuilder:3789 - Time for Generating toolchain IDE Files: 2930mS.
2025-10-01 10:32:15,174 [INFO] ProjectBuilder:2457 - Time for Copy CMSIS : 2mS.
2025-10-01 10:32:15,182 [INFO] ProjectBuilder:2457 - Time for Copy CMSIS : 0mS.
